// Jest Snapshot v1, https://goo.gl/fbAQLP

exports[`Test for ToDo renders correctly todo component 1`] = `
<div
  className="final-container"
>
  <h1
    data-testid="toDoTitle"
    id="heading"
  >
    To Do (
    <span
      data-testid="toDoCount"
    >
      0
    </span>
    )
  </h1>
  <form
    data-testid="formTestId"
    onSubmit={[Function]}
  >
    <input
      className="todo-input"
      data-testid="inputTextField"
      onChange={[Function]}
      type="text"
      value=""
    />
    <input
      className="submit-btn"
      data-testid="submitBtn"
      name="AddItem"
      type="submit"
      value="Add Item"
    />
  </form>
  <div
    className="todo-container"
    id="toDoContainer"
  >
    <ul
      className="items-list"
    />
  </div>
</div>
`;
